////////////////////////////////////////////////////////////
Starting conversion at 05/05/2026 17:21:54,144
////////////////////////////////////////////////////////////

------------------------------------------------------------
Converting Recnum table: 253, CodeType, Code Maintenance Type Table
Progress:Start time: 05/05/2026 17:21:54,156
Start time: 05/05/2026 17:21:54,156
Structure_Start
Structure_Copy
Set_Attribute DF_FILE_RECNUM_TABLE to 0
Replacing recnum with primary index:1
Set_Attribute DF_FILE_PRIMARY_INDEX to 1
Set_Attribute DF_INDEX_SQL_PRIMARY_KEY to 1
AssignMinimalLength
RealignOverlaps
Structure_End
Progress:Creating new table.
Creating new table.
Progress:ERROR 12289: Error general 42S01 (1050)--[MySQL][ODBC 9.7(w) Driver][mysqld-9.6.0]Table 'codetype' already exists  Table = CodeType (0), Source = ODBC_DRV.Structure_End.CreateTable
ERROR 12289: Error general 42S01 (1050)--[MySQL][ODBC 9.7(w) Driver][mysqld-9.6.0]Table 'codetype' already exists  Table = CodeType (0), Source = ODBC_DRV.Structure_End.CreateTable
Progress:End time: 05/05/2026 17:21:54,181
End time: 05/05/2026 17:21:54,181
Progress:Total time to convert table: 0:0:0:0,025
Total time to convert table: 0:0:0:0,025

------------------------------------------------------------
Converting Recnum table: 254, CodeMast, Code Maintenance Code Table
Progress:Start time: 05/05/2026 17:21:54,186
Start time: 05/05/2026 17:21:54,186
Structure_Start
Structure_Copy
Set_Attribute DF_FILE_RECNUM_TABLE to 0
Replacing recnum with primary index:1
Set_Attribute DF_FILE_PRIMARY_INDEX to 1
Set_Attribute DF_INDEX_SQL_PRIMARY_KEY to 1
AssignMinimalLength
RealignOverlaps
Structure_End
Progress:Creating new table.
Creating new table.
Progress:ERROR 12289: Error general 42S01 (1050)--[MySQL][ODBC 9.7(w) Driver][mysqld-9.6.0]Table 'codemast' already exists  Table = CodeMast (0), Source = ODBC_DRV.Structure_End.CreateTable
ERROR 12289: Error general 42S01 (1050)--[MySQL][ODBC 9.7(w) Driver][mysqld-9.6.0]Table 'codemast' already exists  Table = CodeMast (0), Source = ODBC_DRV.Structure_End.CreateTable
Progress:End time: 05/05/2026 17:21:54,193
End time: 05/05/2026 17:21:54,193
Progress:Total time to convert table: 0:0:0:0,007
Total time to convert table: 0:0:0:0,007

------------------------------------------------------------
Converting Recnum table: 263, WebAppSession, WebApp Session
Progress:Start time: 05/05/2026 17:21:54,195
Start time: 05/05/2026 17:21:54,195
Structure_Start
Structure_Copy
Set_Attribute DF_FILE_RECNUM_TABLE to 0
Replacing recnum with primary index:1
Set_Attribute DF_FILE_PRIMARY_INDEX to 1
Set_Attribute DF_INDEX_SQL_PRIMARY_KEY to 1
AssignMinimalLength
RealignOverlaps
Structure_End
Progress:Creating new table.
Creating new table.
Progress:ERROR 12289: Error general 42S01 (1050)--[MySQL][ODBC 9.7(w) Driver][mysqld-9.6.0]Table 'webappsession' already exists  Table = WebAppSession (0), Source = ODBC_DRV.Structure_End.CreateTable
ERROR 12289: Error general 42S01 (1050)--[MySQL][ODBC 9.7(w) Driver][mysqld-9.6.0]Table 'webappsession' already exists  Table = WebAppSession (0), Source = ODBC_DRV.Structure_End.CreateTable
Progress:End time: 05/05/2026 17:21:54,198
End time: 05/05/2026 17:21:54,198
Progress:Total time to convert table: 0:0:0:0,003
Total time to convert table: 0:0:0:0,003

------------------------------------------------------------
Converting Recnum table: 264, WebAppUser, WebApp User
Progress:Start time: 05/05/2026 17:21:54,21
Start time: 05/05/2026 17:21:54,21
Structure_Start
Structure_Copy
Set_Attribute DF_FILE_RECNUM_TABLE to 0
Replacing recnum with primary index:1
Set_Attribute DF_FILE_PRIMARY_INDEX to 1
Set_Attribute DF_INDEX_SQL_PRIMARY_KEY to 1
AssignMinimalLength
RealignOverlaps
Structure_End
Progress:Creating new table.
Creating new table.
Progress:Creating primary key PRIMARY.
Creating primary key PRIMARY.
Progress:Creating intermediate file.
Creating intermediate file.
CLI_DROPINDICES
Progress:Temporary delete of all indices of table webappuser.
Temporary delete of all indices of table webappuser.
Progress:Dropping primary key PRIMARY.
Dropping primary key PRIMARY.
Progress:Copying record
Progress:All 1 records copied.
All 1 records copied.
CLI_CREATEINDICES
Progress:Re-creating temporary deleted indices of table webappuser.
Re-creating temporary deleted indices of table webappuser.
Progress:Creating primary key PRIMARY.
Creating primary key PRIMARY.
Close hSQLTable
Close ahTables[iCount]
Adjust filelist slot
Output_def_file
Progress:End time: 05/05/2026 17:21:54,51
End time: 05/05/2026 17:21:54,51
Progress:Total time to convert table: 0:0:0:0,3
Total time to convert table: 0:0:0:0,3

------------------------------------------------------------
Converting Recnum table: 265, WebAppServerProps, WebApp Server Props
Progress:Start time: 05/05/2026 17:21:54,515
Start time: 05/05/2026 17:21:54,515
Structure_Start
Structure_Copy
Set_Attribute DF_FILE_RECNUM_TABLE to 0
Replacing recnum with primary index:1
Set_Attribute DF_FILE_PRIMARY_INDEX to 1
Set_Attribute DF_INDEX_SQL_PRIMARY_KEY to 1
AssignMinimalLength
RealignOverlaps
Structure_End
Progress:Creating new table.
Creating new table.
Progress:Creating primary key PRIMARY.
Creating primary key PRIMARY.
Progress:Creating index WebAppServerProps002.
Creating index WebAppServerProps002.
Progress:Creating intermediate file.
Creating intermediate file.
CLI_DROPINDICES
Progress:Temporary delete of all indices of table webappserverprops.
Temporary delete of all indices of table webappserverprops.
Progress:Dropping primary key PRIMARY.
Dropping primary key PRIMARY.
Progress:Dropping index WebAppServerProps002.
Dropping index WebAppServerProps002.
Progress:Copying record
Progress:All 0 records copied.
All 0 records copied.
CLI_CREATEINDICES
Progress:Re-creating temporary deleted indices of table webappserverprops.
Re-creating temporary deleted indices of table webappserverprops.
Progress:Creating primary key PRIMARY.
Creating primary key PRIMARY.
Progress:Creating index WebAppServerProps002.
Creating index WebAppServerProps002.
Close hSQLTable
Close ahTables[iCount]
Adjust filelist slot
Output_def_file
Progress:End time: 05/05/2026 17:21:54,858
End time: 05/05/2026 17:21:54,858
Progress:Total time to convert table: 0:0:0:0,343
Total time to convert table: 0:0:0:0,343

------------------------------------------------------------
Converting Recnum table: 270, DFLastID, DFLastID
Progress:Start time: 05/05/2026 17:21:54,863
Start time: 05/05/2026 17:21:54,863
Structure_Start
Structure_Copy
Set_Attribute DF_FILE_PRIMARY_INDEX to 0
AssignMinimalLength
RealignOverlaps
Structure_End
Progress:Creating new table.
Creating new table.
Progress:ERROR 12289: Error general HY000 (4028)--[MySQL][ODBC 9.7(w) Driver][mysqld-9.6.0]A table must have at least one visible column.  Table = DFLastID (0), Source = ODBC_DRV.Structure_End.CreateTable
ERROR 12289: Error general HY000 (4028)--[MySQL][ODBC 9.7(w) Driver][mysqld-9.6.0]A table must have at least one visible column.  Table = DFLastID (0), Source = ODBC_DRV.Structure_End.CreateTable
Progress:End time: 05/05/2026 17:21:54,867
End time: 05/05/2026 17:21:54,867
Progress:Total time to convert table: 0:0:0:0,004
Total time to convert table: 0:0:0:0,004

############################################################
List of tables that experienced errors while converting:
   CodeType - Unable to create.
   CodeMast - Unable to create.
   WebAppSes- Unable to create.
   DFLastID - Unable to create.
////////////////////////////////////////////////////////////
Finished conversion at 05/05/2026 17:21:54,872
Total conversion time: 0:0:0:0,719
////////////////////////////////////////////////////////////
////////////////////////////////////////////////////////////
Starting conversion at 07/05/2026 9:31:38,895
////////////////////////////////////////////////////////////

------------------------------------------------------------
Converting Recnum table: 253, CodeType, Code Maintenance Type Table
Progress:Start time: 07/05/2026 9:31:38,92
Start time: 07/05/2026 9:31:38,92
Structure_Start
Structure_Copy
Set_Attribute DF_FILE_RECNUM_TABLE to 0
Replacing recnum with primary index:1
Set_Attribute DF_FILE_PRIMARY_INDEX to 1
Set_Attribute DF_INDEX_SQL_PRIMARY_KEY to 1
AssignMinimalLength
RealignOverlaps
Structure_End
Progress:Creating new table.
Creating new table.
Progress:ERROR 12289: Error general 42S01 (1050)--[MySQL][ODBC 9.7(w) Driver][mysqld-9.6.0]Table 'codetype' already exists  Table = CodeType (0), Source = ODBC_DRV.Structure_End.CreateTable
ERROR 12289: Error general 42S01 (1050)--[MySQL][ODBC 9.7(w) Driver][mysqld-9.6.0]Table 'codetype' already exists  Table = CodeType (0), Source = ODBC_DRV.Structure_End.CreateTable
Progress:End time: 07/05/2026 9:31:38,945
End time: 07/05/2026 9:31:38,945
Progress:Total time to convert table: 0:0:0:0,025
Total time to convert table: 0:0:0:0,025

------------------------------------------------------------
Converting Recnum table: 254, CodeMast, Code Maintenance Code Table
Progress:Start time: 07/05/2026 9:31:38,95
Start time: 07/05/2026 9:31:38,95
Structure_Start
Structure_Copy
Set_Attribute DF_FILE_RECNUM_TABLE to 0
Replacing recnum with primary index:1
Set_Attribute DF_FILE_PRIMARY_INDEX to 1
Set_Attribute DF_INDEX_SQL_PRIMARY_KEY to 1
AssignMinimalLength
RealignOverlaps
Structure_End
Progress:Creating new table.
Creating new table.
Progress:ERROR 12289: Error general 42S01 (1050)--[MySQL][ODBC 9.7(w) Driver][mysqld-9.6.0]Table 'codemast' already exists  Table = CodeMast (0), Source = ODBC_DRV.Structure_End.CreateTable
ERROR 12289: Error general 42S01 (1050)--[MySQL][ODBC 9.7(w) Driver][mysqld-9.6.0]Table 'codemast' already exists  Table = CodeMast (0), Source = ODBC_DRV.Structure_End.CreateTable
Progress:End time: 07/05/2026 9:31:38,958
End time: 07/05/2026 9:31:38,958
Progress:Total time to convert table: 0:0:0:0,008
Total time to convert table: 0:0:0:0,008

------------------------------------------------------------
Converting Recnum table: 263, WebAppSession, WebApp Session
Progress:Start time: 07/05/2026 9:31:38,964
Start time: 07/05/2026 9:31:38,964
Structure_Start
Structure_Copy
Set_Attribute DF_FILE_RECNUM_TABLE to 0
Replacing recnum with primary index:1
Set_Attribute DF_FILE_PRIMARY_INDEX to 1
Set_Attribute DF_INDEX_SQL_PRIMARY_KEY to 1
AssignMinimalLength
RealignOverlaps
Structure_End
Progress:Creating new table.
Creating new table.
Progress:ERROR 12289: Error general 42S01 (1050)--[MySQL][ODBC 9.7(w) Driver][mysqld-9.6.0]Table 'webappsession' already exists  Table = WebAppSession (0), Source = ODBC_DRV.Structure_End.CreateTable
ERROR 12289: Error general 42S01 (1050)--[MySQL][ODBC 9.7(w) Driver][mysqld-9.6.0]Table 'webappsession' already exists  Table = WebAppSession (0), Source = ODBC_DRV.Structure_End.CreateTable
Progress:End time: 07/05/2026 9:31:38,975
End time: 07/05/2026 9:31:38,975
Progress:Total time to convert table: 0:0:0:0,011
Total time to convert table: 0:0:0:0,011

############################################################
List of tables that experienced errors while converting:
   CodeType - Unable to create.
   CodeMast - Unable to create.
   WebAppSes- Unable to create.
////////////////////////////////////////////////////////////
Finished conversion at 07/05/2026 9:31:38,976
Total conversion time: 0:0:0:0,058
////////////////////////////////////////////////////////////
////////////////////////////////////////////////////////////
Starting conversion at 07/05/2026 9:35:09,113
////////////////////////////////////////////////////////////

------------------------------------------------------------
Converting Recnum table: 253, CodeType, Code Maintenance Type Table
Progress:Start time: 07/05/2026 9:35:09,116
Start time: 07/05/2026 9:35:09,116
Structure_Start
Structure_Copy
Set_Attribute DF_FILE_RECNUM_TABLE to 0
Replacing recnum with primary index:1
Set_Attribute DF_FILE_PRIMARY_INDEX to 1
Set_Attribute DF_INDEX_SQL_PRIMARY_KEY to 1
AssignMinimalLength
RealignOverlaps
Structure_End
Progress:Creating new table.
Creating new table.
Progress:Creating primary key PRIMARY.
Creating primary key PRIMARY.
Progress:Creating intermediate file.
Creating intermediate file.
CLI_DROPINDICES
Progress:Temporary delete of all indices of table codetype.
Temporary delete of all indices of table codetype.
Progress:Dropping primary key PRIMARY.
Dropping primary key PRIMARY.
Progress:Copying record
Progress:All 0 records copied.
All 0 records copied.
CLI_CREATEINDICES
Progress:Re-creating temporary deleted indices of table codetype.
Re-creating temporary deleted indices of table codetype.
Progress:Creating primary key PRIMARY.
Creating primary key PRIMARY.
Close hSQLTable
Close ahTables[iCount]
Adjust filelist slot
Output_def_file
Progress:End time: 07/05/2026 9:35:09,393
End time: 07/05/2026 9:35:09,393
Progress:Total time to convert table: 0:0:0:0,277
Total time to convert table: 0:0:0:0,277

------------------------------------------------------------
Converting Recnum table: 254, CodeMast, Code Maintenance Code Table
Progress:Start time: 07/05/2026 9:35:09,401
Start time: 07/05/2026 9:35:09,401
Structure_Start
Structure_Copy
Set_Attribute DF_FILE_RECNUM_TABLE to 0
Replacing recnum with primary index:1
Set_Attribute DF_FILE_PRIMARY_INDEX to 1
Set_Attribute DF_INDEX_SQL_PRIMARY_KEY to 1
AssignMinimalLength
RealignOverlaps
Structure_End
Progress:Creating new table.
Creating new table.
Progress:Creating primary key PRIMARY.
Creating primary key PRIMARY.
Progress:Creating intermediate file.
Creating intermediate file.
CLI_DROPINDICES
Progress:Temporary delete of all indices of table codemast.
Temporary delete of all indices of table codemast.
Progress:Dropping primary key PRIMARY.
Dropping primary key PRIMARY.
Progress:Copying record
Progress:All 0 records copied.
All 0 records copied.
CLI_CREATEINDICES
Progress:Re-creating temporary deleted indices of table codemast.
Re-creating temporary deleted indices of table codemast.
Progress:Creating primary key PRIMARY.
Creating primary key PRIMARY.
Close hSQLTable
Close ahTables[iCount]
Adjust filelist slot
Output_def_file
Progress:End time: 07/05/2026 9:35:09,67
End time: 07/05/2026 9:35:09,67
Progress:Total time to convert table: 0:0:0:0,269
Total time to convert table: 0:0:0:0,269

------------------------------------------------------------
Converting Recnum table: 263, WebAppSession, WebApp Session
Progress:Start time: 07/05/2026 9:35:09,675
Start time: 07/05/2026 9:35:09,675
Structure_Start
Structure_Copy
Set_Attribute DF_FILE_RECNUM_TABLE to 0
Replacing recnum with primary index:1
Set_Attribute DF_FILE_PRIMARY_INDEX to 1
Set_Attribute DF_INDEX_SQL_PRIMARY_KEY to 1
AssignMinimalLength
RealignOverlaps
Structure_End
Progress:Creating new table.
Creating new table.
Progress:Creating primary key PRIMARY.
Creating primary key PRIMARY.
Progress:Creating index WebAppSession002.
Creating index WebAppSession002.
Progress:Creating index WebAppSession003.
Creating index WebAppSession003.
Progress:Creating intermediate file.
Creating intermediate file.
CLI_DROPINDICES
Progress:Temporary delete of all indices of table webappsession.
Temporary delete of all indices of table webappsession.
Progress:Dropping primary key PRIMARY.
Dropping primary key PRIMARY.
Progress:Dropping index WebAppSession002.
Dropping index WebAppSession002.
Progress:Dropping index WebAppSession003.
Dropping index WebAppSession003.
Progress:Copying record
Progress:All 2 records copied.
All 2 records copied.
CLI_CREATEINDICES
Progress:Re-creating temporary deleted indices of table webappsession.
Re-creating temporary deleted indices of table webappsession.
Progress:Creating primary key PRIMARY.
Creating primary key PRIMARY.
Progress:Creating index WebAppSession002.
Creating index WebAppSession002.
Progress:Creating index WebAppSession003.
Creating index WebAppSession003.
Close hSQLTable
Close ahTables[iCount]
Adjust filelist slot
Output_def_file
Progress:End time: 07/05/2026 9:35:10,284
End time: 07/05/2026 9:35:10,284
Progress:Total time to convert table: 0:0:0:0,609
Total time to convert table: 0:0:0:0,609
////////////////////////////////////////////////////////////
Finished conversion at 07/05/2026 9:35:10,286
Total conversion time: 0:0:0:1,172
////////////////////////////////////////////////////////////
